scifact bm25 {'ndcg@10': 0.6519, 'recall@10': 0.774, 'recall@100': 0.8731, 'mrr@10': 0.6186}
Loading weights:   0%|          | 0/103 [00:00<?, ?it/s]Loading weights: 100%|██████████| 103/103 [00:00<00:00, 9590.28it/s]
scifact minilm-base {'ndcg@10': 0.6451, 'recall@10': 0.7833, 'recall@100': 0.925, 'mrr@10': 0.6047}
Loading weights:   0%|          | 0/199 [00:00<?, ?it/s]Loading weights: 100%|██████████| 199/199 [00:00<00:00, 21641.99it/s]
scifact bge-small {'ndcg@10': 0.7127, 'recall@10': 0.8362, 'recall@100': 0.9417, 'mrr@10': 0.6822}
Loading weights:   0%|          | 0/199 [00:00<?, ?it/s]Loading weights: 100%|██████████| 199/199 [00:00<00:00, 20653.93it/s]
scifact e5-small {'ndcg@10': 0.6875, 'recall@10': 0.8057, 'recall@100': 0.9277, 'mrr@10': 0.658}
Loading weights:   0%|          | 0/103 [00:00<?, ?it/s]Loading weights: 100%|██████████| 103/103 [00:00<00:00, 11536.97it/s]
scifact hm-3fold {'ndcg@10': 0.2489, 'recall@10': 0.3619, 'recall@100': 0.6028, 'mrr@10': 0.2232}
Loading weights:   0%|          | 0/103 [00:00<?, ?it/s]Loading weights: 100%|██████████| 103/103 [00:00<00:00, 20725.03it/s]
scifact hm-best2 {'ndcg@10': 0.2497, 'recall@10': 0.3655, 'recall@100': 0.6044, 'mrr@10': 0.2201}
nfcorpus bm25 {'ndcg@10': 0.3061, 'recall@10': 0.1521, 'recall@100': 0.2423, 'mrr@10': 0.509}
Loading weights:   0%|          | 0/103 [00:00<?, ?it/s]Loading weights: 100%|██████████| 103/103 [00:00<00:00, 28610.15it/s]
nfcorpus minilm-base {'ndcg@10': 0.3159, 'recall@10': 0.155, 'recall@100': 0.3115, 'mrr@10': 0.504}
Loading weights:   0%|          | 0/199 [00:00<?, ?it/s]Loading weights: 100%|██████████| 199/199 [00:00<00:00, 19814.51it/s]
nfcorpus bge-small {'ndcg@10': 0.3433, 'recall@10': 0.162, 'recall@100': 0.311, 'mrr@10': 0.5287}
Loading weights:   0%|          | 0/199 [00:00<?, ?it/s]Loading weights: 100%|██████████| 199/199 [00:00<00:00, 22279.76it/s]
nfcorpus e5-small {'ndcg@10': 0.3253, 'recall@10': 0.1595, 'recall@100': 0.2971, 'mrr@10': 0.5237}
Loading weights:   0%|          | 0/103 [00:00<?, ?it/s]Loading weights: 100%|██████████| 103/103 [00:00<00:00, 22420.12it/s]
nfcorpus hm-3fold {'ndcg@10': 0.0688, 'recall@10': 0.0239, 'recall@100': 0.1233, 'mrr@10': 0.1485}
Loading weights:   0%|          | 0/103 [00:00<?, ?it/s]Loading weights: 100%|██████████| 103/103 [00:00<00:00, 18877.58it/s]
nfcorpus hm-best2 {'ndcg@10': 0.0682, 'recall@10': 0.0221, 'recall@100': 0.1205, 'mrr@10': 0.1571}
